Archive member included to satisfy reference by file (symbol)

c:/st/stm32cubeide_1.5.0/stm32cubeide/plugins/com.st.stm32cube.ide.mcu.externaltools.gnu-tools-for-stm32.7-2018-q2-update.win32_1.5.0.202011040924/tools/bin/../lib/gcc/arm-none-eabi/7.3.1/../../../../arm-none-eabi/lib/thumb/v7-m\libc_nano.a(lib_a-errno.o)
                              Core/Src/syscalls.o (__errno)
c:/st/stm32cubeide_1.5.0/stm32cubeide/plugins/com.st.stm32cube.ide.mcu.externaltools.gnu-tools-for-stm32.7-2018-q2-update.win32_1.5.0.202011040924/tools/bin/../lib/gcc/arm-none-eabi/7.3.1/../../../../arm-none-eabi/lib/thumb/v7-m\libc_nano.a(lib_a-exit.o)
                              c:/st/stm32cubeide_1.5.0/stm32cubeide/plugins/com.st.stm32cube.ide.mcu.externaltools.gnu-tools-for-stm32.7-2018-q2-update.win32_1.5.0.202011040924/tools/bin/../lib/gcc/arm-none-eabi/7.3.1/../../../../arm-none-eabi/lib/thumb/v7-m/crt0.o (exit)
c:/st/stm32cubeide_1.5.0/stm32cubeide/plugins/com.st.stm32cube.ide.mcu.externaltools.gnu-tools-for-stm32.7-2018-q2-update.win32_1.5.0.202011040924/tools/bin/../lib/gcc/arm-none-eabi/7.3.1/../../../../arm-none-eabi/lib/thumb/v7-m\libc_nano.a(lib_a-impure.o)
                              c:/st/stm32cubeide_1.5.0/stm32cubeide/plugins/com.st.stm32cube.ide.mcu.externaltools.gnu-tools-for-stm32.7-2018-q2-update.win32_1.5.0.202011040924/tools/bin/../lib/gcc/arm-none-eabi/7.3.1/../../../../arm-none-eabi/lib/thumb/v7-m\libc_nano.a(lib_a-exit.o) (_global_impure_ptr)
c:/st/stm32cubeide_1.5.0/stm32cubeide/plugins/com.st.stm32cube.ide.mcu.externaltools.gnu-tools-for-stm32.7-2018-q2-update.win32_1.5.0.202011040924/tools/bin/../lib/gcc/arm-none-eabi/7.3.1/../../../../arm-none-eabi/lib/thumb/v7-m\libc_nano.a(lib_a-init.o)
                              c:/st/stm32cubeide_1.5.0/stm32cubeide/plugins/com.st.stm32cube.ide.mcu.externaltools.gnu-tools-for-stm32.7-2018-q2-update.win32_1.5.0.202011040924/tools/bin/../lib/gcc/arm-none-eabi/7.3.1/../../../../arm-none-eabi/lib/thumb/v7-m/crt0.o (__libc_init_array)
c:/st/stm32cubeide_1.5.0/stm32cubeide/plugins/com.st.stm32cube.ide.mcu.externaltools.gnu-tools-for-stm32.7-2018-q2-update.win32_1.5.0.202011040924/tools/bin/../lib/gcc/arm-none-eabi/7.3.1/../../../../arm-none-eabi/lib/thumb/v7-m\libc_nano.a(lib_a-memset.o)
                              c:/st/stm32cubeide_1.5.0/stm32cubeide/plugins/com.st.stm32cube.ide.mcu.externaltools.gnu-tools-for-stm32.7-2018-q2-update.win32_1.5.0.202011040924/tools/bin/../lib/gcc/arm-none-eabi/7.3.1/../../../../arm-none-eabi/lib/thumb/v7-m/crt0.o (memset)

Allocating common symbols
Common symbol       size              file

hdma_tim1_ch1       0x44              Core/Src/main.o
UART3_IT_buffer     0x102             Core/Src/stm32f1xx_it.o
flashStatus         0x1               Core/Src/bootloader.o
huart3              0x40              Core/Src/main.o
uwTick              0x4               Drivers/STM32F1xx_HAL_Driver/Src/stm32f1xx_hal.o
pFlash              0x20              Drivers/STM32F1xx_HAL_Driver/Src/stm32f1xx_hal_flash.o
led_strip           0xc               Core/Src/ws281x.o
bootloader_error_state
                    0x1               Core/Src/bootloader.o
bootloaderMode      0x1               Core/Src/bootloader.o
Flashed_offset      0x4               Core/Src/bootloader.o
writed_packet       0x4               Core/Src/bootloader.o
DMA_Double_buff     0xc0              Core/Src/ws281x.o
htim1               0x48              Core/Src/main.o

Discarded input sections

 .text          0x0000000000000000        0x0 c:/st/stm32cubeide_1.5.0/stm32cubeide/plugins/com.st.stm32cube.ide.mcu.externaltools.gnu-tools-for-stm32.7-2018-q2-update.win32_1.5.0.202011040924/tools/bin/../lib/gcc/arm-none-eabi/7.3.1/thumb/v7-m/crti.o
 .data          0x0000000000000000        0x0 c:/st/stm32cubeide_1.5.0/stm32cubeide/plugins/com.st.stm32cube.ide.mcu.externaltools.gnu-tools-for-stm32.7-2018-q2-update.win32_1.5.0.202011040924/tools/bin/../lib/gcc/arm-none-eabi/7.3.1/thumb/v7-m/crti.o
 .bss           0x0000000000000000        0x0 c:/st/stm32cubeide_1.5.0/stm32cubeide/plugins/com.st.stm32cube.ide.mcu.externaltools.gnu-tools-for-stm32.7-2018-q2-update.win32_1.5.0.202011040924/tools/bin/../lib/gcc/arm-none-eabi/7.3.1/thumb/v7-m/crti.o
 .data          0x0000000000000000        0x4 c:/st/stm32cubeide_1.5.0/stm32cubeide/plugins/com.st.stm32cube.ide.mcu.externaltools.gnu-tools-for-stm32.7-2018-q2-update.win32_1.5.0.202011040924/tools/bin/../lib/gcc/arm-none-eabi/7.3.1/thumb/v7-m/crtbegin.o
 .text          0x0000000000000000       0x74 c:/st/stm32cubeide_1.5.0/stm32cubeide/plugins/com.st.stm32cube.ide.mcu.externaltools.gnu-tools-for-stm32.7-2018-q2-update.win32_1.5.0.202011040924/tools/bin/../lib/gcc/arm-none-eabi/7.3.1/../../../../arm-none-eabi/lib/thumb/v7-m/crt0.o
[...]
Memory Configuration

Name             Origin             Length             Attributes
RAM              0x0000000020000000 0x0000000000002c00 xrw
FLASH            0x0000000008000000 0x0000000000005000 xr
*default*        0x0000000000000000 0xffffffffffffffff

Linker script and memory map

LOAD c:/st/stm32cubeide_1.5.0/stm32cubeide/plugins/com.st.stm32cube.ide.mcu.externaltools.gnu-tools-for-stm32.7-2018-q2-update.win32_1.5.0.202011040924/tools/bin/../lib/gcc/arm-none-eabi/7.3.1/thumb/v7-m/crti.o
LOAD c:/st/stm32cubeide_1.5.0/stm32cubeide/plugins/com.st.stm32cube.ide.mcu.externaltools.gnu-tools-for-stm32.7-2018-q2-update.win32_1.5.0.202011040924/tools/bin/../lib/gcc/arm-none-eabi/7.3.1/thumb/v7-m/crtbegin.o
LOAD c:/st/stm32cubeide_1.5.0/stm32cubeide/plugins/com.st.stm32cube.ide.mcu.externaltools.gnu-tools-for-stm32.7-2018-q2-update.win32_1.5.0.202011040924/tools/bin/../lib/gcc/arm-none-eabi/7.3.1/../../../../arm-none-eabi/lib/thumb/v7-m/crt0.o
LOAD Core/Src/bootloader.o
LOAD Core/Src/main.o
LOAD Core/Src/stm32f1xx_hal_msp.o
LOAD Core/Src/stm32f1xx_it.o
LOAD Core/Src/syscalls.o
LOAD Core/Src/sysmem.o
LOAD Core/Src/system_stm32f1xx.o
LOAD Core/Src/ws281x.o
LOAD Core/Startup/startup_stm32f103c8tx.o
LOAD Drivers/STM32F1xx_HAL_Driver/Src/stm32f1xx_hal.o
LOAD Drivers/STM32F1xx_HAL_Driver/Src/stm32f1xx_hal_cortex.o
LOAD Drivers/STM32F1xx_HAL_Driver/Src/stm32f1xx_hal_dma.o
LOAD Drivers/STM32F1xx_HAL_Driver/Src/stm32f1xx_hal_exti.o
LOAD Drivers/STM32F1xx_HAL_Driver/Src/stm32f1xx_hal_flash.o
LOAD Drivers/STM32F1xx_HAL_Driver/Src/stm32f1xx_hal_flash_ex.o
LOAD Drivers/STM32F1xx_HAL_Driver/Src/stm32f1xx_hal_gpio.o
LOAD Drivers/STM32F1xx_HAL_Driver/Src/stm32f1xx_hal_gpio_ex.o
LOAD Drivers/STM32F1xx_HAL_Driver/Src/stm32f1xx_hal_pwr.o
LOAD Drivers/STM32F1xx_HAL_Driver/Src/stm32f1xx_hal_rcc.o
LOAD Drivers/STM32F1xx_HAL_Driver/Src/stm32f1xx_hal_rcc_ex.o
LOAD Drivers/STM32F1xx_HAL_Driver/Src/stm32f1xx_hal_tim.o
LOAD Drivers/STM32F1xx_HAL_Driver/Src/stm32f1xx_hal_tim_ex.o
LOAD Drivers/STM32F1xx_HAL_Driver/Src/stm32f1xx_hal_uart.o
START GROUP
LOAD c:/st/stm32cubeide_1.5.0/stm32cubeide/plugins/com.st.stm32cube.ide.mcu.externaltools.gnu-tools-for-stm32.7-2018-q2-update.win32_1.5.0.202011040924/tools/bin/../lib/gcc/arm-none-eabi/7.3.1/../../../../arm-none-eabi/lib/thumb/v7-m\libc_nano.a
LOAD c:/st/stm32cubeide_1.5.0/stm32cubeide/plugins/com.st.stm32cube.ide.mcu.externaltools.gnu-tools-for-stm32.7-2018-q2-update.win32_1.5.0.202011040924/tools/bin/../lib/gcc/arm-none-eabi/7.3.1/../../../../arm-none-eabi/lib/thumb/v7-m\libm.a
END GROUP
START GROUP
LOAD c:/st/stm32cubeide_1.5.0/stm32cubeide/plugins/com.st.stm32cube.ide.mcu.externaltools.gnu-tools-for-stm32.7-2018-q2-update.win32_1.5.0.202011040924/tools/bin/../lib/gcc/arm-none-eabi/7.3.1/thumb/v7-m\libgcc.a
LOAD c:/st/stm32cubeide_1.5.0/stm32cubeide/plugins/com.st.stm32cube.ide.mcu.externaltools.gnu-tools-for-stm32.7-2018-q2-update.win32_1.5.0.202011040924/tools/bin/../lib/gcc/arm-none-eabi/7.3.1/../../../../arm-none-eabi/lib/thumb/v7-m\libc_nano.a
END GROUP
START GROUP
LOAD c:/st/stm32cubeide_1.5.0/stm32cubeide/plugins/com.st.stm32cube.ide.mcu.externaltools.gnu-tools-for-stm32.7-2018-q2-update.win32_1.5.0.202011040924/tools/bin/../lib/gcc/arm-none-eabi/7.3.1/thumb/v7-m\libgcc.a
LOAD c:/st/stm32cubeide_1.5.0/stm32cubeide/plugins/com.st.stm32cube.ide.mcu.externaltools.gnu-tools-for-stm32.7-2018-q2-update.win32_1.5.0.202011040924/tools/bin/../lib/gcc/arm-none-eabi/7.3.1/../../../../arm-none-eabi/lib/thumb/v7-m\libc_nano.a
LOAD c:/st/stm32cubeide_1.5.0/stm32cubeide/plugins/com.st.stm32cube.ide.mcu.externaltools.gnu-tools-for-stm32.7-2018-q2-update.win32_1.5.0.202011040924/tools/bin/../lib/gcc/arm-none-eabi/7.3.1/../../../../arm-none-eabi/lib/thumb/v7-m\libnosys.a
END GROUP
START GROUP
LOAD c:/st/stm32cubeide_1.5.0/stm32cubeide/plugins/com.st.stm32cube.ide.mcu.externaltools.gnu-tools-for-stm32.7-2018-q2-update.win32_1.5.0.202011040924/tools/bin/../lib/gcc/arm-none-eabi/7.3.1/thumb/v7-m\libgcc.a
LOAD c:/st/stm32cubeide_1.5.0/stm32cubeide/plugins/com.st.stm32cube.ide.mcu.externaltools.gnu-tools-for-stm32.7-2018-q2-update.win32_1.5.0.202011040924/tools/bin/../lib/gcc/arm-none-eabi/7.3.1/../../../../arm-none-eabi/lib/thumb/v7-m\libc_nano.a
LOAD c:/st/stm32cubeide_1.5.0/stm32cubeide/plugins/com.st.stm32cube.ide.mcu.externaltools.gnu-tools-for-stm32.7-2018-q2-update.win32_1.5.0.202011040924/tools/bin/../lib/gcc/arm-none-eabi/7.3.1/../../../../arm-none-eabi/lib/thumb/v7-m\libnosys.a
END GROUP
LOAD c:/st/stm32cubeide_1.5.0/stm32cubeide/plugins/com.st.stm32cube.ide.mcu.externaltools.gnu-tools-for-stm32.7-2018-q2-update.win32_1.5.0.202011040924/tools/bin/../lib/gcc/arm-none-eabi/7.3.1/thumb/v7-m/crtend.o
LOAD c:/st/stm32cubeide_1.5.0/stm32cubeide/plugins/com.st.stm32cube.ide.mcu.externaltools.gnu-tools-for-stm32.7-2018-q2-update.win32_1.5.0.202011040924/tools/bin/../lib/gcc/arm-none-eabi/7.3.1/thumb/v7-m/crtn.o
                0x0000000020002c00                _estack = (ORIGIN (RAM) + LENGTH (RAM))
                0x0000000000000200                _Min_Heap_Size = 0x200
                0x0000000000000400                _Min_Stack_Size = 0x400

.isr_vector     0x0000000008000000      0x10c
                0x0000000008000000                . = ALIGN (0x4)
 *(.isr_vector)
 .isr_vector    0x0000000008000000      0x10c Core/Startup/startup_stm32f103c8tx.o
                0x0000000008000000                g_pfnVectors
                0x000000000800010c                . = ALIGN (0x4)

.text           0x000000000800010c     0x4200
                0x000000000800010c                . = ALIGN (0x4)
 *(.text)
 .text          0x000000000800010c       0x40 c:/st/stm32cubeide_1.5.0/stm32cubeide/plugins/com.st.stm32cube.ide.mcu.externaltools.gnu-tools-for-stm32.7-2018-q2-update.win32_1.5.0.202011040924/tools/bin/../lib/gcc/arm-none-eabi/7.3.1/thumb/v7-m/crtbegin.o
 *(.text*)
 .text.__NVIC_SystemReset
                0x000000000800014c       0x28 Core/Src/bootloader.o
 .text.bootloaderInit
                0x0000000008000174       0xa0 Core/Src/bootloader.o
                0x0000000008000174                bootloaderInit
 .text.flashWord
                0x0000000008000214       0x98 Core/Src/bootloader.o
                0x0000000008000214                flashWord
 .text.readWord
                0x00000000080002ac       0x1a Core/Src/bootloader.o
                0x00000000080002ac                readWord
 *fill*         0x00000000080002c6        0x2 
 .text.eraseMemory
                0x00000000080002c8       0xb0 Core/Src/bootloader.o
                0x00000000080002c8                eraseMemory
 .text.unlockFlashAndEraseMemory
                0x0000000008000378       0x94 Core/Src/bootloader.o
                0x0000000008000378                unlockFlashAndEraseMemory
 .text.lockFlash
                0x000000000800040c       0x44 Core/Src/bootloader.o
                0x000000000800040c                lockFlash
 .text.jumpToApp
                0x0000000008000450       0x26 Core/Src/bootloader.o
                0x0000000008000450                jumpToApp
 *fill*         0x0000000008000476        0x2 
 .text.deinitEverything
                0x0000000008000478       0x84 Core/Src/bootloader.o
                0x0000000008000478                deinitEverything
 .text.clear_flashmode_flag
                0x00000000080004fc       0x94 Core/Src/bootloader.o
                0x00000000080004fc                clear_flashmode_flag
 .text.string_compare
                0x0000000008000590       0x62 Core/Src/bootloader.o
                0x0000000008000590                string_compare
 *fill*         0x00000000080005f2        0x2 
 .text.serial_send
                0x00000000080005f4       0x24 Core/Src/bootloader.o
                0x00000000080005f4                serial_send
 .text.write_big_packet_flash
                0x0000000008000618       0x82 Core/Src/bootloader.o
                0x0000000008000618                write_big_packet_flash
 .text.errorJump
                0x000000000800069a       0x32 Core/Src/bootloader.o
                0x000000000800069a                errorJump
 .text.messageHandler
                0x00000000080006cc      0x1a4 Core/Src/bootloader.o
                0x00000000080006cc                messageHandler
 .text.main     0x0000000008000870      0x168 Core/Src/main.o
                0x0000000008000870                main
 .text.SystemClock_Config
                0x00000000080009d8       0x8a Core/Src/main.o
                0x00000000080009d8                SystemClock_Config
 *fill*         0x0000000008000a62        0x2 
 .text.MX_TIM1_Init
                0x0000000008000a64      0x104 Core/Src/main.o
 .text.MX_USART3_UART_Init
                0x0000000008000b68       0x64 Core/Src/main.o
 .text.MX_DMA_Init
                0x0000000008000bcc       0x3c Core/Src/main.o
 .text.MX_GPIO_Init
                0x0000000008000c08       0x74 Core/Src/main.o
 .text.Error_Handler
                0x0000000008000c7c        0xc Core/Src/main.o
                0x0000000008000c7c                Error_Handler
 .text.HAL_MspInit
                0x0000000008000c88       0x64 Core/Src/stm32f1xx_hal_msp.o
                0x0000000008000c88                HAL_MspInit
 .text.HAL_TIM_PWM_MspInit
                0x0000000008000cec       0x94 Core/Src/stm32f1xx_hal_msp.o
                0x0000000008000cec                HAL_TIM_PWM_MspInit
 .text.HAL_TIM_MspPostInit
                0x0000000008000d80       0x6c Core/Src/stm32f1xx_hal_msp.o
                0x0000000008000d80                HAL_TIM_MspPostInit
 .text.HAL_TIM_PWM_MspDeInit
                0x0000000008000dec       0x38 Core/Src/stm32f1xx_hal_msp.o
                0x0000000008000dec                HAL_TIM_PWM_MspDeInit
 .text.HAL_UART_MspInit
                0x0000000008000e24       0xa8 Core/Src/stm32f1xx_hal_msp.o
                0x0000000008000e24                HAL_UART_MspInit
 .text.HAL_UART_MspDeInit
                0x0000000008000ecc       0x44 Core/Src/stm32f1xx_hal_msp.o
                0x0000000008000ecc                HAL_UART_MspDeInit
 .text.NMI_Handler
                0x0000000008000f10        0xc Core/Src/stm32f1xx_it.o
                0x0000000008000f10                NMI_Handler
 .text.HardFault_Handler
                0x0000000008000f1c        0x6 Core/Src/stm32f1xx_it.o
                0x0000000008000f1c                HardFault_Handler
 .text.MemManage_Handler
                0x0000000008000f22        0x6 Core/Src/stm32f1xx_it.o
                0x0000000008000f22                MemManage_Handler
 .text.BusFault_Handler
                0x0000000008000f28        0x6 Core/Src/stm32f1xx_it.o
                0x0000000008000f28                BusFault_Handler
 .text.UsageFault_Handler
                0x0000000008000f2e        0x6 Core/Src/stm32f1xx_it.o
                0x0000000008000f2e                UsageFault_Handler
 .text.SVC_Handler
                0x0000000008000f34        0xc Core/Src/stm32f1xx_it.o
                0x0000000008000f34                SVC_Handler
 .text.DebugMon_Handler
                0x0000000008000f40        0xc Core/Src/stm32f1xx_it.o
                0x0000000008000f40                DebugMon_Handler
 .text.PendSV_Handler
                0x0000000008000f4c        0xc Core/Src/stm32f1xx_it.o
                0x0000000008000f4c                PendSV_Handler
 .text.SysTick_Handler
                0x0000000008000f58        0xc Core/Src/stm32f1xx_it.o
                0x0000000008000f58                SysTick_Handler
 .text.DMA1_Channel2_IRQHandler
                0x0000000008000f64       0x14 Core/Src/stm32f1xx_it.o
                0x0000000008000f64                DMA1_Channel2_IRQHandler
 .text.USART3_IRQHandler
                0x0000000008000f78      0x104 Core/Src/stm32f1xx_it.o
                0x0000000008000f78                USART3_IRQHandler
 .text.SystemInit
                0x000000000800107c        0xc Core/Src/system_stm32f1xx.o
                0x000000000800107c                SystemInit
 .text.set_Led_color
                0x0000000008001088       0x50 Core/Src/ws281x.o
                0x0000000008001088                set_Led_color
 .text.set_All_Leds_color
                0x00000000080010d8       0x54 Core/Src/ws281x.o
                0x00000000080010d8                set_All_Leds_color
 .text.led_set_duty
                0x000000000800112c       0xb8 Core/Src/ws281x.o
                0x000000000800112c                led_set_duty
 .text.led_set_reset_pulse
                0x00000000080011e4       0x70 Core/Src/ws281x.o
                0x00000000080011e4                led_set_reset_pulse
 .text.led_update
                0x0000000008001254       0x4c Core/Src/ws281x.o
                0x0000000008001254                led_update
 .text.HAL_TIM_PWM_PulseFinishedCallback
                0x00000000080012a0       0x6c Core/Src/ws281x.o
                0x00000000080012a0                HAL_TIM_PWM_PulseFinishedCallback
 .text.HAL_TIM_PWM_PulseFinishedHalfCpltCallback
                0x000000000800130c       0x6c Core/Src/ws281x.o
                0x000000000800130c                HAL_TIM_PWM_PulseFinishedHalfCpltCallback
 .text.Reset_Handler
                0x0000000008001378       0x48 Core/Startup/startup_stm32f103c8tx.o
                0x0000000008001378                Reset_Handler
 .text.Default_Handler
                0x00000000080013c0        0x2 Core/Startup/startup_stm32f103c8tx.o
                0x00000000080013c0                RTC_Alarm_IRQHandler
                0x00000000080013c0                EXTI2_IRQHandler
                0x00000000080013c0                TIM1_CC_IRQHandler
                0x00000000080013c0                PVD_IRQHandler
                0x00000000080013c0                EXTI3_IRQHandler
                0x00000000080013c0                EXTI0_IRQHandler
                0x00000000080013c0                I2C2_EV_IRQHandler
                0x00000000080013c0                ADC1_2_IRQHandler
                0x00000000080013c0                SPI1_IRQHandler
                0x00000000080013c0                TAMPER_IRQHandler
                0x00000000080013c0                DMA1_Channel4_IRQHandler
                0x00000000080013c0                RTC_IRQHandler
                0x00000000080013c0                DMA1_Channel7_IRQHandler
                0x00000000080013c0                CAN1_RX1_IRQHandler
                0x00000000080013c0                TIM4_IRQHandler
                0x00000000080013c0                I2C1_EV_IRQHandler
                0x00000000080013c0                DMA1_Channel6_IRQHandler
                0x00000000080013c0                TIM3_IRQHandler
                0x00000000080013c0                RCC_IRQHandler
                0x00000000080013c0                TIM1_TRG_COM_IRQHandler
                0x00000000080013c0                DMA1_Channel1_IRQHandler
                0x00000000080013c0                Default_Handler
                0x00000000080013c0                EXTI15_10_IRQHandler
                0x00000000080013c0                EXTI9_5_IRQHandler
                0x00000000080013c0                SPI2_IRQHandler
                0x00000000080013c0                DMA1_Channel5_IRQHandler
                0x00000000080013c0                EXTI4_IRQHandler
                0x00000000080013c0                USB_LP_CAN1_RX0_IRQHandler
                0x00000000080013c0                USB_HP_CAN1_TX_IRQHandler
                0x00000000080013c0                DMA1_Channel3_IRQHandler
                0x00000000080013c0                TIM1_UP_IRQHandler
                0x00000000080013c0                WWDG_IRQHandler
                0x00000000080013c0                TIM2_IRQHandler
                0x00000000080013c0                TIM1_BRK_IRQHandler
                0x00000000080013c0                EXTI1_IRQHandler
                0x00000000080013c0                USART2_IRQHandler
                0x00000000080013c0                I2C2_ER_IRQHandler
                0x00000000080013c0                CAN1_SCE_IRQHandler
                0x00000000080013c0                FLASH_IRQHandler
                0x00000000080013c0                USART1_IRQHandler
                0x00000000080013c0                I2C1_ER_IRQHandler
                0x00000000080013c0                USBWakeUp_IRQHandler
 *fill*         0x00000000080013c2        0x2 
 .text.HAL_Init
                0x00000000080013c4       0x2c Drivers/STM32F1xx_HAL_Driver/Src/stm32f1xx_hal.o
                0x00000000080013c4                HAL_Init
 .text.HAL_DeInit
                0x00000000080013f0       0x30 Drivers/STM32F1xx_HAL_Driver/Src/stm32f1xx_hal.o
                0x00000000080013f0                HAL_DeInit
 .text.HAL_MspDeInit
                0x0000000008001420        0xc Drivers/STM32F1xx_HAL_Driver/Src/stm32f1xx_hal.o
                0x0000000008001420                HAL_MspDeInit
 .text.HAL_InitTick
                0x000000000800142c       0x60 Drivers/STM32F1xx_HAL_Driver/Src/stm32f1xx_hal.o
                0x000000000800142c                HAL_InitTick
 .text.HAL_IncTick
                0x000000000800148c       0x24 Drivers/STM32F1xx_HAL_Driver/Src/stm32f1xx_hal.o
                0x000000000800148c                HAL_IncTick
 .text.HAL_GetTick
                0x00000000080014b0       0x14 Drivers/STM32F1xx_HAL_Driver/Src/stm32f1xx_hal.o
                0x00000000080014b0                HAL_GetTick
 .text.HAL_Delay
                0x00000000080014c4       0x44 Drivers/STM32F1xx_HAL_Driver/Src/stm32f1xx_hal.o
                0x00000000080014c4                HAL_Delay
 .text.__NVIC_SetPriorityGrouping
                0x0000000008001508       0x48 Drivers/STM32F1xx_HAL_Driver/Src/stm32f1xx_hal_cortex.o
 .text.__NVIC_GetPriorityGrouping
                0x0000000008001550       0x1c Drivers/STM32F1xx_HAL_Driver/Src/stm32f1xx_hal_cortex.o
 .text.__NVIC_EnableIRQ
                0x000000000800156c       0x38 Drivers/STM32F1xx_HAL_Driver/Src/stm32f1xx_hal_cortex.o
 .text.__NVIC_DisableIRQ
                0x00000000080015a4       0x44 Drivers/STM32F1xx_HAL_Driver/Src/stm32f1xx_hal_cortex.o
 .text.__NVIC_SetPriority
                0x00000000080015e8       0x54 Drivers/STM32F1xx_HAL_Driver/Src/stm32f1xx_hal_cortex.o
 .text.NVIC_EncodePriority
                0x000000000800163c       0x64 Drivers/STM32F1xx_HAL_Driver/Src/stm32f1xx_hal_cortex.o
 .text.SysTick_Config
                0x00000000080016a0       0x44 Drivers/STM32F1xx_HAL_Driver/Src/stm32f1xx_hal_cortex.o
 .text.HAL_NVIC_SetPriorityGrouping
                0x00000000080016e4       0x16 Drivers/STM32F1xx_HAL_Driver/Src/stm32f1xx_hal_cortex.o
                0x00000000080016e4                HAL_NVIC_SetPriorityGrouping
 .text.HAL_NVIC_SetPriority
                0x00000000080016fa       0x38 Drivers/STM32F1xx_HAL_Driver/Src/stm32f1xx_hal_cortex.o
                0x00000000080016fa                HAL_NVIC_SetPriority
 .text.HAL_NVIC_EnableIRQ
                0x0000000008001732       0x1c Drivers/STM32F1xx_HAL_Driver/Src/stm32f1xx_hal_cortex.o
                0x0000000008001732                HAL_NVIC_EnableIRQ
 .text.HAL_NVIC_DisableIRQ
                0x000000000800174e       0x1c Drivers/STM32F1xx_HAL_Driver/Src/stm32f1xx_hal_cortex.o
                0x000000000800174e                HAL_NVIC_DisableIRQ
 .text.HAL_SYSTICK_Config
                0x000000000800176a       0x18 Drivers/STM32F1xx_HAL_Driver/Src/stm32f1xx_hal_cortex.o
                0x000000000800176a                HAL_SYSTICK_Config
 *fill*         0x0000000008001782        0x2 
 .text.HAL_DMA_Init
                0x0000000008001784       0xb4 Drivers/STM32F1xx_HAL_Driver/Src/stm32f1xx_hal_dma.o
                0x0000000008001784                HAL_DMA_Init
 .text.HAL_DMA_DeInit
                0x0000000008001838       0xb8 Drivers/STM32F1xx_HAL_Driver/Src/stm32f1xx_hal_dma.o
                0x0000000008001838                HAL_DMA_DeInit
 .text.HAL_DMA_Start_IT
                0x00000000080018f0       0xbe Drivers/STM32F1xx_HAL_Driver/Src/stm32f1xx_hal_dma.o
                0x00000000080018f0                HAL_DMA_Start_IT
 *fill*         0x00000000080019ae        0x2 
 .text.HAL_DMA_Abort_IT
                0x00000000080019b0       0xec Drivers/STM32F1xx_HAL_Driver/Src/stm32f1xx_hal_dma.o
                0x00000000080019b0                HAL_DMA_Abort_IT
 .text.HAL_DMA_IRQHandler
                0x0000000008001a9c      0x20c Drivers/STM32F1xx_HAL_Driver/Src/stm32f1xx_hal_dma.o
                0x0000000008001a9c                HAL_DMA_IRQHandler
 .text.DMA_SetConfig
                0x0000000008001ca8       0x5a Drivers/STM32F1xx_HAL_Driver/Src/stm32f1xx_hal_dma.o
 *fill*         0x0000000008001d02        0x2 
 .text.HAL_FLASH_Program
                0x0000000008001d04       0xe0 Drivers/STM32F1xx_HAL_Driver/Src/stm32f1xx_hal_flash.o
                0x0000000008001d04                HAL_FLASH_Program
 .text.HAL_FLASH_Unlock
                0x0000000008001de4       0x4c Drivers/STM32F1xx_HAL_Driver/Src/stm32f1xx_hal_flash.o
                0x0000000008001de4                HAL_FLASH_Unlock
 .text.HAL_FLASH_Lock
                0x0000000008001e30       0x20 Drivers/STM32F1xx_HAL_Driver/Src/stm32f1xx_hal_flash.o
                0x0000000008001e30                HAL_FLASH_Lock
 .text.HAL_FLASH_OB_Unlock
                0x0000000008001e50       0x38 Drivers/STM32F1xx_HAL_Driver/Src/stm32f1xx_hal_flash.o
                0x0000000008001e50                HAL_FLASH_OB_Unlock
 .text.HAL_FLASH_OB_Lock
                0x0000000008001e88       0x20 Drivers/STM32F1xx_HAL_Driver/Src/stm32f1xx_hal_flash.o
                0x0000000008001e88                HAL_FLASH_OB_Lock
 .text.FLASH_Program_HalfWord
                0x0000000008001ea8       0x38 Drivers/STM32F1xx_HAL_Driver/Src/stm32f1xx_hal_flash.o
 .text.FLASH_WaitForLastOperation
                0x0000000008001ee0       0x8c Drivers/STM32F1xx_HAL_Driver/Src/stm32f1xx_hal_flash.o
                0x0000000008001ee0                FLASH_WaitForLastOperation
 .text.FLASH_SetErrorCode
                0x0000000008001f6c       0xa0 Drivers/STM32F1xx_HAL_Driver/Src/stm32f1xx_hal_flash.o
 .text.HAL_FLASHEx_Erase
                0x000000000800200c       0xd8 Drivers/STM32F1xx_HAL_Driver/Src/stm32f1xx_hal_flash_ex.o
                0x000000000800200c                HAL_FLASHEx_Erase
 .text.FLASH_MassErase
                0x00000000080020e4       0x38 Drivers/STM32F1xx_HAL_Driver/Src/stm32f1xx_hal_flash_ex.o
 .text.FLASH_PageErase
                0x000000000800211c       0x40 Drivers/STM32F1xx_HAL_Driver/Src/stm32f1xx_hal_flash_ex.o
                0x000000000800211c                FLASH_PageErase
 .text.HAL_GPIO_Init
                0x000000000800215c      0x2b4 Drivers/STM32F1xx_HAL_Driver/Src/stm32f1xx_hal_gpio.o
                0x000000000800215c                HAL_GPIO_Init
 .text.HAL_GPIO_DeInit
                0x0000000008002410      0x178 Drivers/STM32F1xx_HAL_Driver/Src/stm32f1xx_hal_gpio.o
                0x0000000008002410                HAL_GPIO_DeInit
 .text.HAL_RCC_DeInit
                0x0000000008002588      0x134 Drivers/STM32F1xx_HAL_Driver/Src/stm32f1xx_hal_rcc.o
                0x0000000008002588                HAL_RCC_DeInit
 .text.HAL_RCC_OscConfig
                0x00000000080026bc      0x500 Drivers/STM32F1xx_HAL_Driver/Src/stm32f1xx_hal_rcc.o
                0x00000000080026bc                HAL_RCC_OscConfig
 .text.HAL_RCC_ClockConfig
                0x0000000008002bbc      0x1d4 Drivers/STM32F1xx_HAL_Driver/Src/stm32f1xx_hal_rcc.o
                0x0000000008002bbc                HAL_RCC_ClockConfig
 .text.HAL_RCC_GetSysClockFreq
                0x0000000008002d90       0xc4 Drivers/STM32F1xx_HAL_Driver/Src/stm32f1xx_hal_rcc.o
                0x0000000008002d90                HAL_RCC_GetSysClockFreq
 .text.HAL_RCC_GetHCLKFreq
                0x0000000008002e54       0x14 Drivers/STM32F1xx_HAL_Driver/Src/stm32f1xx_hal_rcc.o
                0x0000000008002e54                HAL_RCC_GetHCLKFreq
 .text.HAL_RCC_GetPCLK1Freq
                0x0000000008002e68       0x28 Drivers/STM32F1xx_HAL_Driver/Src/stm32f1xx_hal_rcc.o
                0x0000000008002e68                HAL_RCC_GetPCLK1Freq
 .text.HAL_RCC_GetPCLK2Freq
                0x0000000008002e90       0x28 Drivers/STM32F1xx_HAL_Driver/Src/stm32f1xx_hal_rcc.o
                0x0000000008002e90                HAL_RCC_GetPCLK2Freq
 .text.RCC_Delay
                0x0000000008002eb8       0x3c Drivers/STM32F1xx_HAL_Driver/Src/stm32f1xx_hal_rcc.o
 .text.HAL_TIM_PWM_Init
                0x0000000008002ef4       0x9e Drivers/STM32F1xx_HAL_Driver/Src/stm32f1xx_hal_tim.o
                0x0000000008002ef4                HAL_TIM_PWM_Init
 .text.HAL_TIM_PWM_DeInit
                0x0000000008002f92       0xa8 Drivers/STM32F1xx_HAL_Driver/Src/stm32f1xx_hal_tim.o
                0x0000000008002f92                HAL_TIM_PWM_DeInit
 *fill*         0x000000000800303a        0x2 
 .text.HAL_TIM_PWM_Start_DMA
                0x000000000800303c      0x334 Drivers/STM32F1xx_HAL_Driver/Src/stm32f1xx_hal_tim.o
                0x000000000800303c                HAL_TIM_PWM_Start_DMA
 .text.HAL_TIM_PWM_Stop_DMA
                0x0000000008003370      0x17c Drivers/STM32F1xx_HAL_Driver/Src/stm32f1xx_hal_tim.o
                0x0000000008003370                HAL_TIM_PWM_Stop_DMA
 .text.HAL_TIM_PWM_ConfigChannel
                0x00000000080034ec      0x17c Drivers/STM32F1xx_HAL_Driver/Src/stm32f1xx_hal_tim.o
                0x00000000080034ec                HAL_TIM_PWM_ConfigChannel
 .text.HAL_TIM_ErrorCallback
                0x0000000008003668       0x12 Drivers/STM32F1xx_HAL_Driver/Src/stm32f1xx_hal_tim.o
                0x0000000008003668                HAL_TIM_ErrorCallback
 .text.TIM_DMAError
                0x000000000800367a       0x92 Drivers/STM32F1xx_HAL_Driver/Src/stm32f1xx_hal_tim.o
                0x000000000800367a                TIM_DMAError
 .text.TIM_DMADelayPulseCplt
                0x000000000800370c       0xa8 Drivers/STM32F1xx_HAL_Driver/Src/stm32f1xx_hal_tim.o
 .text.TIM_DMADelayPulseHalfCplt
                0x00000000080037b4       0x68 Drivers/STM32F1xx_HAL_Driver/Src/stm32f1xx_hal_tim.o
                0x00000000080037b4                TIM_DMADelayPulseHalfCplt
 .text.TIM_Base_SetConfig
                0x000000000800381c       0xc4 Drivers/STM32F1xx_HAL_Driver/Src/stm32f1xx_hal_tim.o
                0x000000000800381c                TIM_Base_SetConfig
 .text.TIM_OC1_SetConfig
                0x00000000080038e0       0xcc Drivers/STM32F1xx_HAL_Driver/Src/stm32f1xx_hal_tim.o
 .text.TIM_OC2_SetConfig
                0x00000000080039ac       0xd4 Drivers/STM32F1xx_HAL_Driver/Src/stm32f1xx_hal_tim.o
                0x00000000080039ac                TIM_OC2_SetConfig
 .text.TIM_OC3_SetConfig
                0x0000000008003a80       0xd4 Drivers/STM32F1xx_HAL_Driver/Src/stm32f1xx_hal_tim.o
 .text.TIM_OC4_SetConfig
                0x0000000008003b54       0x9c Drivers/STM32F1xx_HAL_Driver/Src/stm32f1xx_hal_tim.o
 .text.TIM_CCxChannelCmd
                0x0000000008003bf0       0x48 Drivers/STM32F1xx_HAL_Driver/Src/stm32f1xx_hal_tim.o
                0x0000000008003bf0                TIM_CCxChannelCmd
 .text.HAL_TIMEx_MasterConfigSynchronization
                0x0000000008003c38       0xbc Drivers/STM32F1xx_HAL_Driver/Src/stm32f1xx_hal_tim_ex.o
                0x0000000008003c38                HAL_TIMEx_MasterConfigSynchronization
 .text.HAL_TIMEx_ConfigBreakDeadTime
                0x0000000008003cf4       0xa2 Drivers/STM32F1xx_HAL_Driver/Src/stm32f1xx_hal_tim_ex.o
                0x0000000008003cf4                HAL_TIMEx_ConfigBreakDeadTime
 .text.HAL_UART_Init
                0x0000000008003d96       0x9a Drivers/STM32F1xx_HAL_Driver/Src/stm32f1xx_hal_uart.o
                0x0000000008003d96                HAL_UART_Init
 .text.HAL_UART_DeInit
                0x0000000008003e30       0x58 Drivers/STM32F1xx_HAL_Driver/Src/stm32f1xx_hal_uart.o
                0x0000000008003e30                HAL_UART_DeInit
 .text.HAL_UART_Transmit
                0x0000000008003e88      0x124 Drivers/STM32F1xx_HAL_Driver/Src/stm32f1xx_hal_uart.o
                0x0000000008003e88                HAL_UART_Transmit
 .text.HAL_UART_Receive
                0x0000000008003fac      0x13e Drivers/STM32F1xx_HAL_Driver/Src/stm32f1xx_hal_uart.o
                0x0000000008003fac                HAL_UART_Receive
 .text.UART_WaitOnFlagUntilTimeout
                0x00000000080040ea       0x94 Drivers/STM32F1xx_HAL_Driver/Src/stm32f1xx_hal_uart.o
 *fill*         0x000000000800417e        0x2 
 .text.UART_SetConfig
                0x0000000008004180      0x11c Drivers/STM32F1xx_HAL_Driver/Src/stm32f1xx_hal_uart.o
 .text.__libc_init_array
                0x000000000800429c       0x48 c:/st/stm32cubeide_1.5.0/stm32cubeide/plugins/com.st.stm32cube.ide.mcu.externaltools.gnu-tools-for-stm32.7-2018-q2-update.win32_1.5.0.202011040924/tools/bin/../lib/gcc/arm-none-eabi/7.3.1/../../../../arm-none-eabi/lib/thumb/v7-m\libc_nano.a(lib_a-init.o)
                0x000000000800429c                __libc_init_array
 .text.memset   0x00000000080042e4       0x10 c:/st/stm32cubeide_1.5.0/stm32cubeide/plugins/com.st.stm32cube.ide.mcu.externaltools.gnu-tools-for-stm32.7-2018-q2-update.win32_1.5.0.202011040924/tools/bin/../lib/gcc/arm-none-eabi/7.3.1/../../../../arm-none-eabi/lib/thumb/v7-m\libc_nano.a(lib_a-memset.o)
                0x00000000080042e4                memset
 *(.glue_7)
 .glue_7        0x00000000080042f4        0x0 linker stubs
 *(.glue_7t)
 .glue_7t       0x00000000080042f4        0x0 linker stubs
 *(.eh_frame)
 .eh_frame      0x00000000080042f4        0x0 c:/st/stm32cubeide_1.5.0/stm32cubeide/plugins/com.st.stm32cube.ide.mcu.externaltools.gnu-tools-for-stm32.7-2018-q2-update.win32_1.5.0.202011040924/tools/bin/../lib/gcc/arm-none-eabi/7.3.1/thumb/v7-m/crtbegin.o
 *(.init)
 .init          0x00000000080042f4        0x4 c:/st/stm32cubeide_1.5.0/stm32cubeide/plugins/com.st.stm32cube.ide.mcu.externaltools.gnu-tools-for-stm32.7-2018-q2-update.win32_1.5.0.202011040924/tools/bin/../lib/gcc/arm-none-eabi/7.3.1/thumb/v7-m/crti.o
                0x00000000080042f4                _init
 .init          0x00000000080042f8        0x8 c:/st/stm32cubeide_1.5.0/stm32cubeide/plugins/com.st.stm32cube.ide.mcu.externaltools.gnu-tools-for-stm32.7-2018-q2-update.win32_1.5.0.202011040924/tools/bin/../lib/gcc/arm-none-eabi/7.3.1/thumb/v7-m/crtn.o
 *(.fini)
 .fini          0x0000000008004300        0x4 c:/st/stm32cubeide_1.5.0/stm32cubeide/plugins/com.st.stm32cube.ide.mcu.externaltools.gnu-tools-for-stm32.7-2018-q2-update.win32_1.5.0.202011040924/tools/bin/../lib/gcc/arm-none-eabi/7.3.1/thumb/v7-m/crti.o
                0x0000000008004300                _fini
 .fini          0x0000000008004304        0x8 c:/st/stm32cubeide_1.5.0/stm32cubeide/plugins/com.st.stm32cube.ide.mcu.externaltools.gnu-tools-for-stm32.7-2018-q2-update.win32_1.5.0.202011040924/tools/bin/../lib/gcc/arm-none-eabi/7.3.1/thumb/v7-m/crtn.o
                0x000000000800430c                . = ALIGN (0x4)
                0x000000000800430c                _etext = .

.vfp11_veneer   0x000000000800430c        0x0
 .vfp11_veneer  0x000000000800430c        0x0 linker stubs

.v4_bx          0x000000000800430c        0x0
 .v4_bx         0x000000000800430c        0x0 linker stubs

.iplt           0x000000000800430c        0x0
 .iplt          0x000000000800430c        0x0 c:/st/stm32cubeide_1.5.0/stm32cubeide/plugins/com.st.stm32cube.ide.mcu.externaltools.gnu-tools-for-stm32.7-2018-q2-update.win32_1.5.0.202011040924/tools/bin/../lib/gcc/arm-none-eabi/7.3.1/thumb/v7-m/crtbegin.o

.rodata         0x000000000800430c      0x138
                0x000000000800430c                . = ALIGN (0x4)
 *(.rodata)
 .rodata        0x000000000800430c       0xd1 Core/Src/bootloader.o
 *fill*         0x00000000080043dd        0x3 
 .rodata        0x00000000080043e0       0x35 Core/Src/main.o
 *fill*         0x0000000008004415        0x3 
 .rodata        0x0000000008004418       0x12 Drivers/STM32F1xx_HAL_Driver/Src/stm32f1xx_hal_rcc.o
 *(.rodata*)
 *fill*         0x000000000800442a        0x2 
 .rodata.AHBPrescTable
                0x000000000800442c       0x10 Core/Src/system_stm32f1xx.o
                0x000000000800442c                AHBPrescTable
 .rodata.APBPrescTable
                0x000000000800443c        0x8 Core/Src/system_stm32f1xx.o
                0x000000000800443c                APBPrescTable
                0x0000000008004444                . = ALIGN (0x4)

.rel.dyn        0x0000000008004444        0x0
 .rel.iplt      0x0000000008004444        0x0 c:/st/stm32cubeide_1.5.0/stm32cubeide/plugins/com.st.stm32cube.ide.mcu.externaltools.gnu-tools-for-stm32.7-2018-q2-update.win32_1.5.0.202011040924/tools/bin/../lib/gcc/arm-none-eabi/7.3.1/thumb/v7-m/crtbegin.o

.ARM.extab      0x0000000008004444        0x0
                0x0000000008004444                . = ALIGN (0x4)
 *(.ARM.extab* .gnu.linkonce.armextab.*)
                0x0000000008004444                . = ALIGN (0x4)

.ARM            0x0000000008004444        0x0
                0x0000000008004444                . = ALIGN (0x4)
                0x0000000008004444                __exidx_start = .
 *(.ARM.exidx*)
                0x0000000008004444                __exidx_end = .
                0x0000000008004444                . = ALIGN (0x4)

.preinit_array  0x0000000008004444        0x0
                0x0000000008004444                . = ALIGN (0x4)
                0x0000000008004444                PROVIDE (__preinit_array_start = .)
 *(.preinit_array*)
                0x0000000008004444                PROVIDE (__preinit_array_end = .)
                0x0000000008004444                . = ALIGN (0x4)

.init_array     0x0000000008004444        0x4
                0x0000000008004444                . = ALIGN (0x4)
                0x0000000008004444                PROVIDE (__init_array_start = .)
 *(SORT_BY_NAME(.init_array.*))
 *(.init_array*)
 .init_array    0x0000000008004444        0x4 c:/st/stm32cubeide_1.5.0/stm32cubeide/plugins/com.st.stm32cube.ide.mcu.externaltools.gnu-tools-for-stm32.7-2018-q2-update.win32_1.5.0.202011040924/tools/bin/../lib/gcc/arm-none-eabi/7.3.1/thumb/v7-m/crtbegin.o
                0x0000000008004448                PROVIDE (__init_array_end = .)
                0x0000000008004448                . = ALIGN (0x4)

.fini_array     0x0000000008004448        0x4
                0x0000000008004448                . = ALIGN (0x4)
                [!provide]                        PROVIDE (__fini_array_start = .)
 *(SORT_BY_NAME(.fini_array.*))
 *(.fini_array*)
 .fini_array    0x0000000008004448        0x4 c:/st/stm32cubeide_1.5.0/stm32cubeide/plugins/com.st.stm32cube.ide.mcu.externaltools.gnu-tools-for-stm32.7-2018-q2-update.win32_1.5.0.202011040924/tools/bin/../lib/gcc/arm-none-eabi/7.3.1/thumb/v7-m/crtbegin.o
                [!provide]                        PROVIDE (__fini_array_end = .)
                0x000000000800444c                . = ALIGN (0x4)
                0x000000000800444c                _sidata = LOADADDR (.data)

.data           0x0000000020000000        0xc load address 0x000000000800444c
                0x0000000020000000                . = ALIGN (0x4)
                0x0000000020000000                _sdata = .
 *(.data)
 *(.data*)
 .data.SystemCoreClock
                0x0000000020000000        0x4 Core/Src/system_stm32f1xx.o
                0x0000000020000000                SystemCoreClock
 .data.uwTickPrio
                0x0000000020000004        0x4 Drivers/STM32F1xx_HAL_Driver/Src/stm32f1xx_hal.o
                0x0000000020000004                uwTickPrio
 .data.uwTickFreq
                0x0000000020000008        0x1 Drivers/STM32F1xx_HAL_Driver/Src/stm32f1xx_hal.o
                0x0000000020000008                uwTickFreq
                0x000000002000000c                . = ALIGN (0x4)
 *fill*         0x0000000020000009        0x3 
                0x000000002000000c                _edata = .

.igot.plt       0x000000002000000c        0x0 load address 0x0000000008004458
 .igot.plt      0x000000002000000c        0x0 c:/st/stm32cubeide_1.5.0/stm32cubeide/plugins/com.st.stm32cube.ide.mcu.externaltools.gnu-tools-for-stm32.7-2018-q2-update.win32_1.5.0.202011040924/tools/bin/../lib/gcc/arm-none-eabi/7.3.1/thumb/v7-m/crtbegin.o
                0x000000002000000c                . = ALIGN (0x4)

.bss            0x0000000020000010      0x2f0 load address 0x0000000008004458
                0x0000000020000010                _sbss = .
                0x0000000020000010                __bss_start__ = _sbss
 *(.bss)
 .bss           0x0000000020000010       0x1c c:/st/stm32cubeide_1.5.0/stm32cubeide/plugins/com.st.stm32cube.ide.mcu.externaltools.gnu-tools-for-stm32.7-2018-q2-update.win32_1.5.0.202011040924/tools/bin/../lib/gcc/arm-none-eabi/7.3.1/thumb/v7-m/crtbegin.o
 *(.bss*)
 .bss.g_chunk_rdy
                0x000000002000002c        0x1 Core/Src/main.o
                0x000000002000002c                g_chunk_rdy
 *fill*         0x000000002000002d        0x1 
 .bss.UART3_byte_counter
                0x000000002000002e        0x2 Core/Src/stm32f1xx_it.o
                0x000000002000002e                UART3_byte_counter
 .bss.packet_start
                0x0000000020000030        0x1 Core/Src/stm32f1xx_it.o
                0x0000000020000030                packet_start
 .bss.packet_end
                0x0000000020000031        0x1 Core/Src/stm32f1xx_it.o
                0x0000000020000031                packet_end
 .bss.led_number
                0x0000000020000032        0x1 Core/Src/ws281x.o
                0x0000000020000032                led_number
 .bss.reset_pulse
                0x0000000020000033        0x1 Core/Src/ws281x.o
                0x0000000020000033                reset_pulse
 *(COMMON)
 COMMON         0x0000000020000034        0xc Core/Src/bootloader.o
                0x0000000020000034                flashStatus
                0x0000000020000035                bootloader_error_state
                0x0000000020000036                bootloaderMode
                0x0000000020000038                Flashed_offset
                0x000000002000003c                writed_packet
 COMMON         0x0000000020000040       0xcc Core/Src/main.o
                0x0000000020000040                hdma_tim1_ch1
                0x0000000020000084                huart3
                0x00000000200000c4                htim1
 COMMON         0x000000002000010c      0x102 Core/Src/stm32f1xx_it.o
                0x000000002000010c                UART3_IT_buffer
 *fill*         0x000000002000020e        0x2 
 COMMON         0x0000000020000210       0xcc Core/Src/ws281x.o
                0x0000000020000210                led_strip
                0x000000002000021c                DMA_Double_buff
 COMMON         0x00000000200002dc        0x4 Drivers/STM32F1xx_HAL_Driver/Src/stm32f1xx_hal.o
                0x00000000200002dc                uwTick
 COMMON         0x00000000200002e0       0x20 Drivers/STM32F1xx_HAL_Driver/Src/stm32f1xx_hal_flash.o
                0x00000000200002e0                pFlash
                0x0000000020000300                . = ALIGN (0x4)
                0x0000000020000300                _ebss = .
                0x0000000020000300                __bss_end__ = _ebss

._user_heap_stack
                0x0000000020000300      0x600 load address 0x0000000008004458
                0x0000000020000300                . = ALIGN (0x8)
                [!provide]                        PROVIDE (end = .)
                0x0000000020000300                PROVIDE (_end = .)
                0x0000000020000500                . = (. + _Min_Heap_Size)
 *fill*         0x0000000020000300      0x200 
                0x0000000020000900                . = (. + _Min_Stack_Size)
 *fill*         0x0000000020000500      0x400 
                0x0000000020000900                . = ALIGN (0x8)

/DISCARD/
 libc.a(*)
 libm.a(*)
 libgcc.a(*)

.ARM.attributes
                0x0000000000000000       0x29
 *(.ARM.attributes)
 .ARM.attributes
                0x0000000000000000       0x1d c:/st/stm32cubeide_1.5.0/stm32cubeide/plugins/com.st.stm32cube.ide.mcu.externaltools.gnu-tools-for-stm32.7-2018-q2-update.win32_1.5.0.202011040924/tools/bin/../lib/gcc/arm-none-eabi/7.3.1/thumb/v7-m/crti.o
 .ARM.attributes
                0x000000000000001d       0x2d c:/st/stm32cubeide_1.5.0/stm32cubeide/plugins/com.st.stm32cube.ide.mcu.externaltools.gnu-tools-for-stm32.7-2018-q2-update.win32_1.5.0.202011040924/tools/bin/../lib/gcc/arm-none-eabi/7.3.1/thumb/v7-m/crtbegin.o
 .ARM.attributes
                0x000000000000004a       0x33 Core/Src/bootloader.o
 .ARM.attributes
                0x000000000000007d       0x33 Core/Src/main.o
 .ARM.attributes
                0x00000000000000b0       0x33 Core/Src/stm32f1xx_hal_msp.o
 .ARM.attributes
                0x00000000000000e3       0x33 Core/Src/stm32f1xx_it.o
 .ARM.attributes
                0x0000000000000116       0x33 Core/Src/system_stm32f1xx.o
 .ARM.attributes
                0x0000000000000149       0x33 Core/Src/ws281x.o
 .ARM.attributes
                0x000000000000017c       0x21 Core/Startup/startup_stm32f103c8tx.o
 .ARM.attributes
                0x000000000000019d       0x33 Drivers/STM32F1xx_HAL_Driver/Src/stm32f1xx_hal.o
 .ARM.attributes
                0x00000000000001d0       0x33 Drivers/STM32F1xx_HAL_Driver/Src/stm32f1xx_hal_cortex.o
 .ARM.attributes
                0x0000000000000203       0x33 Drivers/STM32F1xx_HAL_Driver/Src/stm32f1xx_hal_dma.o
 .ARM.attributes
                0x0000000000000236       0x33 Drivers/STM32F1xx_HAL_Driver/Src/stm32f1xx_hal_flash.o
 .ARM.attributes
                0x0000000000000269       0x33 Drivers/STM32F1xx_HAL_Driver/Src/stm32f1xx_hal_flash_ex.o
 .ARM.attributes
                0x000000000000029c       0x33 Drivers/STM32F1xx_HAL_Driver/Src/stm32f1xx_hal_gpio.o
 .ARM.attributes
                0x00000000000002cf       0x33 Drivers/STM32F1xx_HAL_Driver/Src/stm32f1xx_hal_rcc.o
 .ARM.attributes
                0x0000000000000302       0x33 Drivers/STM32F1xx_HAL_Driver/Src/stm32f1xx_hal_tim.o
 .ARM.attributes
                0x0000000000000335       0x33 Drivers/STM32F1xx_HAL_Driver/Src/stm32f1xx_hal_tim_ex.o
 .ARM.attributes
                0x0000000000000368       0x33 Drivers/STM32F1xx_HAL_Driver/Src/stm32f1xx_hal_uart.o
 .ARM.attributes
                0x000000000000039b       0x2d c:/st/stm32cubeide_1.5.0/stm32cubeide/plugins/com.st.stm32cube.ide.mcu.externaltools.gnu-tools-for-stm32.7-2018-q2-update.win32_1.5.0.202011040924/tools/bin/../lib/gcc/arm-none-eabi/7.3.1/../../../../arm-none-eabi/lib/thumb/v7-m\libc_nano.a(lib_a-init.o)
 .ARM.attributes
                0x00000000000003c8       0x2d c:/st/stm32cubeide_1.5.0/stm32cubeide/plugins/com.st.stm32cube.ide.mcu.externaltools.gnu-tools-for-stm32.7-2018-q2-update.win32_1.5.0.202011040924/tools/bin/../lib/gcc/arm-none-eabi/7.3.1/../../../../arm-none-eabi/lib/thumb/v7-m\libc_nano.a(lib_a-memset.o)
 .ARM.attributes
                0x00000000000003f5       0x1d c:/st/stm32cubeide_1.5.0/stm32cubeide/plugins/com.st.stm32cube.ide.mcu.externaltools.gnu-tools-for-stm32.7-2018-q2-update.win32_1.5.0.202011040924/tools/bin/../lib/gcc/arm-none-eabi/7.3.1/thumb/v7-m/crtn.o
OUTPUT(PJ_bootloader.elf elf32-littlearm)

.debug_info     0x0000000000000000     0xde65
 .debug_info    0x0000000000000000     0x19ec Core/Src/bootloader.o
 .debug_info    0x00000000000019ec     0x178c Core/Src/main.o
 .debug_info    0x0000000000003178      0xd6b Core/Src/stm32f1xx_hal_msp.o
 .debug_info    0x0000000000003ee3      0xfb1 Core/Src/stm32f1xx_it.o
 .debug_info    0x0000000000004e94      0x29a Core/Src/system_stm32f1xx.o
 .debug_info    0x000000000000512e      0x911 Core/Src/ws281x.o
 .debug_info    0x0000000000005a3f       0x22 Core/Startup/startup_stm32f103c8tx.o
 .debug_info    0x0000000000005a61      0x714 Drivers/STM32F1xx_HAL_Driver/Src/stm32f1xx_hal.o
 .debug_info    0x0000000000006175      0xb51 Drivers/STM32F1xx_HAL_Driver/Src/stm32f1xx_hal_cortex.o
 .debug_info    0x0000000000006cc6      0x7b1 Drivers/STM32F1xx_HAL_Driver/Src/stm32f1xx_hal_dma.o
 .debug_info    0x0000000000007477      0x5a4 Drivers/STM32F1xx_HAL_Driver/Src/stm32f1xx_hal_flash.o
 .debug_info    0x0000000000007a1b      0x827 Drivers/STM32F1xx_HAL_Driver/Src/stm32f1xx_hal_flash_ex.o
 .debug_info    0x0000000000008242      0x69b Drivers/STM32F1xx_HAL_Driver/Src/stm32f1xx_hal_gpio.o
 .debug_info    0x00000000000088dd      0x80f Drivers/STM32F1xx_HAL_Driver/Src/stm32f1xx_hal_rcc.o
 .debug_info    0x00000000000090ec     0x27ef Drivers/STM32F1xx_HAL_Driver/Src/stm32f1xx_hal_tim.o
 .debug_info    0x000000000000b8db     0x136f Drivers/STM32F1xx_HAL_Driver/Src/stm32f1xx_hal_tim_ex.o
 .debug_info    0x000000000000cc4a     0x121b Drivers/STM32F1xx_HAL_Driver/Src/stm32f1xx_hal_uart.o

.debug_abbrev   0x0000000000000000     0x2258
 .debug_abbrev  0x0000000000000000      0x335 Core/Src/bootloader.o
 .debug_abbrev  0x0000000000000335      0x29a Core/Src/main.o
 .debug_abbrev  0x00000000000005cf      0x1a6 Core/Src/stm32f1xx_hal_msp.o
 .debug_abbrev  0x0000000000000775      0x1fd Core/Src/stm32f1xx_it.o
 .debug_abbrev  0x0000000000000972      0x134 Core/Src/system_stm32f1xx.o
 .debug_abbrev  0x0000000000000aa6      0x230 Core/Src/ws281x.o
 .debug_abbrev  0x0000000000000cd6       0x12 Core/Startup/startup_stm32f103c8tx.o
 .debug_abbrev  0x0000000000000ce8      0x1c7 Drivers/STM32F1xx_HAL_Driver/Src/stm32f1xx_hal.o
 .debug_abbrev  0x0000000000000eaf      0x2d5 Drivers/STM32F1xx_HAL_Driver/Src/stm32f1xx_hal_cortex.o
 .debug_abbrev  0x0000000000001184      0x1fe Drivers/STM32F1xx_HAL_Driver/Src/stm32f1xx_hal_dma.o
 .debug_abbrev  0x0000000000001382      0x210 Drivers/STM32F1xx_HAL_Driver/Src/stm32f1xx_hal_flash.o
 .debug_abbrev  0x0000000000001592      0x21b Drivers/STM32F1xx_HAL_Driver/Src/stm32f1xx_hal_flash_ex.o
 .debug_abbrev  0x00000000000017ad      0x1c0 Drivers/STM32F1xx_HAL_Driver/Src/stm32f1xx_hal_gpio.o
 .debug_abbrev  0x000000000000196d      0x243 Drivers/STM32F1xx_HAL_Driver/Src/stm32f1xx_hal_rcc.o
 .debug_abbrev  0x0000000000001bb0      0x230 Drivers/STM32F1xx_HAL_Driver/Src/stm32f1xx_hal_tim.o
 .debug_abbrev  0x0000000000001de0      0x236 Drivers/STM32F1xx_HAL_Driver/Src/stm32f1xx_hal_tim_ex.o
 .debug_abbrev  0x0000000000002016      0x242 Drivers/STM32F1xx_HAL_Driver/Src/stm32f1xx_hal_uart.o

.debug_aranges  0x0000000000000000      0xdb0
 .debug_aranges
                0x0000000000000000       0x90 Core/Src/bootloader.o
 .debug_aranges
                0x0000000000000090       0x50 Core/Src/main.o
 .debug_aranges
                0x00000000000000e0       0x48 Core/Src/stm32f1xx_hal_msp.o
 .debug_aranges
                0x0000000000000128       0x70 Core/Src/stm32f1xx_it.o
 .debug_aranges
                0x0000000000000198       0x28 Core/Src/system_stm32f1xx.o
 .debug_aranges
                0x00000000000001c0       0x58 Core/Src/ws281x.o
 .debug_aranges
                0x0000000000000218       0x28 Core/Startup/startup_stm32f103c8tx.o
 .debug_aranges
                0x0000000000000240       0xe0 Drivers/STM32F1xx_HAL_Driver/Src/stm32f1xx_hal.o
 .debug_aranges
                0x0000000000000320      0x100 Drivers/STM32F1xx_HAL_Driver/Src/stm32f1xx_hal_cortex.o
 .debug_aranges
                0x0000000000000420       0x80 Drivers/STM32F1xx_HAL_Driver/Src/stm32f1xx_hal_dma.o
 .debug_aranges
                0x00000000000004a0       0x88 Drivers/STM32F1xx_HAL_Driver/Src/stm32f1xx_hal_flash.o
 .debug_aranges
                0x0000000000000528       0x98 Drivers/STM32F1xx_HAL_Driver/Src/stm32f1xx_hal_flash_ex.o
 .debug_aranges
                0x00000000000005c0       0x58 Drivers/STM32F1xx_HAL_Driver/Src/stm32f1xx_hal_gpio.o
 .debug_aranges
                0x0000000000000618       0x90 Drivers/STM32F1xx_HAL_Driver/Src/stm32f1xx_hal_rcc.o
 .debug_aranges
                0x00000000000006a8      0x3d0 Drivers/STM32F1xx_HAL_Driver/Src/stm32f1xx_hal_tim.o
 .debug_aranges
                0x0000000000000a78      0x168 Drivers/STM32F1xx_HAL_Driver/Src/stm32f1xx_hal_tim_ex.o
 .debug_aranges
                0x0000000000000be0      0x1d0 Drivers/STM32F1xx_HAL_Driver/Src/stm32f1xx_hal_uart.o

.debug_ranges   0x0000000000000000      0xcc0
 .debug_ranges  0x0000000000000000       0x98 Core/Src/bootloader.o
 .debug_ranges  0x0000000000000098       0x40 Core/Src/main.o
 .debug_ranges  0x00000000000000d8       0x38 Core/Src/stm32f1xx_hal_msp.o
 .debug_ranges  0x0000000000000110       0x60 Core/Src/stm32f1xx_it.o
 .debug_ranges  0x0000000000000170       0x18 Core/Src/system_stm32f1xx.o
 .debug_ranges  0x0000000000000188       0x48 Core/Src/ws281x.o
 .debug_ranges  0x00000000000001d0       0x20 Core/Startup/startup_stm32f103c8tx.o
 .debug_ranges  0x00000000000001f0       0xd0 Drivers/STM32F1xx_HAL_Driver/Src/stm32f1xx_hal.o
 .debug_ranges  0x00000000000002c0       0xf0 Drivers/STM32F1xx_HAL_Driver/Src/stm32f1xx_hal_cortex.o
 .debug_ranges  0x00000000000003b0       0x70 Drivers/STM32F1xx_HAL_Driver/Src/stm32f1xx_hal_dma.o
 .debug_ranges  0x0000000000000420       0x78 Drivers/STM32F1xx_HAL_Driver/Src/stm32f1xx_hal_flash.o
 .debug_ranges  0x0000000000000498       0x88 Drivers/STM32F1xx_HAL_Driver/Src/stm32f1xx_hal_flash_ex.o
 .debug_ranges  0x0000000000000520       0x48 Drivers/STM32F1xx_HAL_Driver/Src/stm32f1xx_hal_gpio.o
 .debug_ranges  0x0000000000000568       0x80 Drivers/STM32F1xx_HAL_Driver/Src/stm32f1xx_hal_rcc.o
 .debug_ranges  0x00000000000005e8      0x3c0 Drivers/STM32F1xx_HAL_Driver/Src/stm32f1xx_hal_tim.o
 .debug_ranges  0x00000000000009a8      0x158 Drivers/STM32F1xx_HAL_Driver/Src/stm32f1xx_hal_tim_ex.o
 .debug_ranges  0x0000000000000b00      0x1c0 Drivers/STM32F1xx_HAL_Driver/Src/stm32f1xx_hal_uart.o

.debug_macro    0x0000000000000000    0x17bcd
 .debug_macro   0x0000000000000000      0x280 Core/Src/bootloader.o
 .debug_macro   0x0000000000000280      0xa5a Core/Src/bootloader.o
 .debug_macro   0x0000000000000cda       0x40 Core/Src/bootloader.o
 .debug_macro   0x0000000000000d1a      0x221 Core/Src/bootloader.o
 .debug_macro   0x0000000000000f3b       0x2e Core/Src/bootloader.o
 .debug_macro   0x0000000000000f69       0x22 Core/Src/bootloader.o
 .debug_macro   0x0000000000000f8b       0x22 Core/Src/bootloader.o
 .debug_macro   0x0000000000000fad       0x8e Core/Src/bootloader.o
 .debug_macro   0x000000000000103b       0x51 Core/Src/bootloader.o
 .debug_macro   0x000000000000108c       0xef Core/Src/bootloader.o
 .debug_macro   0x000000000000117b       0x6a Core/Src/bootloader.o
 .debug_macro   0x00000000000011e5      0x1df Core/Src/bootloader.o
 .debug_macro   0x00000000000013c4       0x1c Core/Src/bootloader.o
 .debug_macro   0x00000000000013e0       0x22 Core/Src/bootloader.o
 .debug_macro   0x0000000000001402       0xc3 Core/Src/bootloader.o
 .debug_macro   0x00000000000014c5      0xd23 Core/Src/bootloader.o
 .debug_macro   0x00000000000021e8     0xe097 Core/Src/bootloader.o
 .debug_macro   0x000000000001027f       0x43 Core/Src/bootloader.o
 .debug_macro   0x00000000000102c2     0x3468 Core/Src/bootloader.o
 .debug_macro   0x000000000001372a      0x174 Core/Src/bootloader.o
 .debug_macro   0x000000000001389e       0x5c Core/Src/bootloader.o
 .debug_macro   0x00000000000138fa      0x5be Core/Src/bootloader.o
 .debug_macro   0x0000000000013eb8      0x289 Core/Src/bootloader.o
 .debug_macro   0x0000000000014141      0x1cb Core/Src/bootloader.o
 .debug_macro   0x000000000001430c      0x114 Core/Src/bootloader.o
 .debug_macro   0x0000000000014420      0x1b2 Core/Src/bootloader.o
 .debug_macro   0x00000000000145d2       0x27 Core/Src/bootloader.o
 .debug_macro   0x00000000000145f9      0x136 Core/Src/bootloader.o
 .debug_macro   0x000000000001472f      0x1bc Core/Src/bootloader.o
 .debug_macro   0x00000000000148eb       0x34 Core/Src/bootloader.o
 .debug_macro   0x000000000001491f       0x3c Core/Src/bootloader.o
 .debug_macro   0x000000000001495b       0x57 Core/Src/bootloader.o
 .debug_macro   0x00000000000149b2       0x88 Core/Src/bootloader.o
 .debug_macro   0x0000000000014a3a      0x241 Core/Src/bootloader.o
 .debug_macro   0x0000000000014c7b      0x141 Core/Src/bootloader.o
 .debug_macro   0x0000000000014dbc      0x8d1 Core/Src/bootloader.o
 .debug_macro   0x000000000001568d      0x26b Core/Src/bootloader.o
 .debug_macro   0x00000000000158f8       0x83 Core/Src/bootloader.o
 .debug_macro   0x000000000001597b       0x46 Core/Src/bootloader.o
 .debug_macro   0x00000000000159c1       0x18 Core/Src/bootloader.o
 .debug_macro   0x00000000000159d9       0x3c Core/Src/bootloader.o
 .debug_macro   0x0000000000015a15       0x34 Core/Src/bootloader.o
 .debug_macro   0x0000000000015a49       0x52 Core/Src/bootloader.o
 .debug_macro   0x0000000000015a9b       0x1f Core/Src/bootloader.o
 .debug_macro   0x0000000000015aba       0x43 Core/Src/bootloader.o
 .debug_macro   0x0000000000015afd       0x20 Core/Src/bootloader.o
 .debug_macro   0x0000000000015b1d      0x1a3 Core/Src/bootloader.o
 .debug_macro   0x0000000000015cc0      0x32a Core/Src/bootloader.o
 .debug_macro   0x0000000000015fea       0x10 Core/Src/bootloader.o
 .debug_macro   0x0000000000015ffa       0x35 Core/Src/bootloader.o
 .debug_macro   0x000000000001602f       0x20 Core/Src/bootloader.o
 .debug_macro   0x000000000001604f       0x2e Core/Src/bootloader.o
 .debug_macro   0x000000000001607d      0x284 Core/Src/main.o
 .debug_macro   0x0000000000016301      0x1ad Core/Src/stm32f1xx_hal_msp.o
 .debug_macro   0x00000000000164ae      0x285 Core/Src/stm32f1xx_it.o
 .debug_macro   0x0000000000016733      0x1a3 Core/Src/system_stm32f1xx.o
 .debug_macro   0x00000000000168d6      0x1bc Core/Src/ws281x.o
 .debug_macro   0x0000000000016a92       0x28 Core/Src/ws281x.o
 .debug_macro   0x0000000000016aba      0x1c7 Drivers/STM32F1xx_HAL_Driver/Src/stm32f1xx_hal.o
 .debug_macro   0x0000000000016c81      0x1a3 Drivers/STM32F1xx_HAL_Driver/Src/stm32f1xx_hal_cortex.o
 .debug_macro   0x0000000000016e24      0x1a3 Drivers/STM32F1xx_HAL_Driver/Src/stm32f1xx_hal_dma.o
 .debug_macro   0x0000000000016fc7      0x1a3 Drivers/STM32F1xx_HAL_Driver/Src/stm32f1xx_hal_flash.o
 .debug_macro   0x000000000001716a      0x1b5 Drivers/STM32F1xx_HAL_Driver/Src/stm32f1xx_hal_flash_ex.o
 .debug_macro   0x000000000001731f      0x20e Drivers/STM32F1xx_HAL_Driver/Src/stm32f1xx_hal_gpio.o
 .debug_macro   0x000000000001752d      0x1b5 Drivers/STM32F1xx_HAL_Driver/Src/stm32f1xx_hal_rcc.o
 .debug_macro   0x00000000000176e2      0x1a4 Drivers/STM32F1xx_HAL_Driver/Src/stm32f1xx_hal_tim.o
 .debug_macro   0x0000000000017886      0x1a3 Drivers/STM32F1xx_HAL_Driver/Src/stm32f1xx_hal_tim_ex.o
 .debug_macro   0x0000000000017a29      0x1a4 Drivers/STM32F1xx_HAL_Driver/Src/stm32f1xx_hal_uart.o

.debug_line     0x0000000000000000     0xb29a
 .debug_line    0x0000000000000000      0xa99 Core/Src/bootloader.o
 .debug_line    0x0000000000000a99      0x8b3 Core/Src/main.o
 .debug_line    0x000000000000134c      0x6f7 Core/Src/stm32f1xx_hal_msp.o
 .debug_line    0x0000000000001a43      0x8df Core/Src/stm32f1xx_it.o
 .debug_line    0x0000000000002322      0x69f Core/Src/system_stm32f1xx.o
 .debug_line    0x00000000000029c1      0x7a6 Core/Src/ws281x.o
 .debug_line    0x0000000000003167       0x84 Core/Startup/startup_stm32f103c8tx.o
 .debug_line    0x00000000000031eb      0x852 Drivers/STM32F1xx_HAL_Driver/Src/stm32f1xx_hal.o
 .debug_line    0x0000000000003a3d      0x929 Drivers/STM32F1xx_HAL_Driver/Src/stm32f1xx_hal_cortex.o
 .debug_line    0x0000000000004366      0xab7 Drivers/STM32F1xx_HAL_Driver/Src/stm32f1xx_hal_dma.o
 .debug_line    0x0000000000004e1d      0x86d Drivers/STM32F1xx_HAL_Driver/Src/stm32f1xx_hal_flash.o
 .debug_line    0x000000000000568a      0x8bc Drivers/STM32F1xx_HAL_Driver/Src/stm32f1xx_hal_flash_ex.o
 .debug_line    0x0000000000005f46      0x84e Drivers/STM32F1xx_HAL_Driver/Src/stm32f1xx_hal_gpio.o
 .debug_line    0x0000000000006794      0x912 Drivers/STM32F1xx_HAL_Driver/Src/stm32f1xx_hal_rcc.o
 .debug_line    0x00000000000070a6     0x1fab Drivers/STM32F1xx_HAL_Driver/Src/stm32f1xx_hal_tim.o
 .debug_line    0x0000000000009051     0x12b9 Drivers/STM32F1xx_HAL_Driver/Src/stm32f1xx_hal_tim_ex.o
 .debug_line    0x000000000000a30a      0xf90 Drivers/STM32F1xx_HAL_Driver/Src/stm32f1xx_hal_uart.o

.debug_str      0x0000000000000000    0x8984f
 .debug_str     0x0000000000000000    0x86778 Core/Src/bootloader.o
                                      0x86c80 (size before relaxing)
 .debug_str     0x0000000000086778      0x329 Core/Src/main.o
                                      0x86cfc (size before relaxing)
 .debug_str     0x0000000000086aa1      0x109 Core/Src/stm32f1xx_hal_msp.o
                                      0x838fd (size before relaxing)
 .debug_str     0x0000000000086baa      0x105 Core/Src/stm32f1xx_it.o
                                      0x8646e (size before relaxing)
 .debug_str     0x0000000000086caf       0x52 Core/Src/system_stm32f1xx.o
                                      0x82eb0 (size before relaxing)
 .debug_str     0x0000000000086d01      0x10b Core/Src/ws281x.o
                                      0x834ab (size before relaxing)
 .debug_str     0x0000000000086e0c       0x36 Core/Startup/startup_stm32f103c8tx.o
                                         0x65 (size before relaxing)
 .debug_str     0x0000000000086e42      0x2d0 Drivers/STM32F1xx_HAL_Driver/Src/stm32f1xx_hal.o
                                      0x83541 (size before relaxing)
 .debug_str     0x0000000000087112      0x2a6 Drivers/STM32F1xx_HAL_Driver/Src/stm32f1xx_hal_cortex.o
                                      0x83549 (size before relaxing)
 .debug_str     0x00000000000873b8      0x230 Drivers/STM32F1xx_HAL_Driver/Src/stm32f1xx_hal_dma.o
                                      0x8328b (size before relaxing)
 .debug_str     0x00000000000875e8      0x280 Drivers/STM32F1xx_HAL_Driver/Src/stm32f1xx_hal_flash.o
                                      0x83186 (size before relaxing)
 .debug_str     0x0000000000087868      0x31e Drivers/STM32F1xx_HAL_Driver/Src/stm32f1xx_hal_flash_ex.o
                                      0x8334a (size before relaxing)
 .debug_str     0x0000000000087b86      0x33b Drivers/STM32F1xx_HAL_Driver/Src/stm32f1xx_hal_gpio.o
                                      0x83274 (size before relaxing)
 .debug_str     0x0000000000087ec1      0x24f Drivers/STM32F1xx_HAL_Driver/Src/stm32f1xx_hal_rcc.o
                                      0x832ad (size before relaxing)
 .debug_str     0x0000000000088110      0xd8f Drivers/STM32F1xx_HAL_Driver/Src/stm32f1xx_hal_tim.o
                                      0x8427f (size before relaxing)
 .debug_str     0x0000000000088e9f      0x483 Drivers/STM32F1xx_HAL_Driver/Src/stm32f1xx_hal_tim_ex.o
                                      0x83a59 (size before relaxing)
 .debug_str     0x0000000000089322      0x52d Drivers/STM32F1xx_HAL_Driver/Src/stm32f1xx_hal_uart.o
                                      0x837b3 (size before relaxing)

.comment        0x0000000000000000       0x7b
 .comment       0x0000000000000000       0x7b Core/Src/bootloader.o
                                         0x7c (size before relaxing)
 .comment       0x000000000000007b       0x7c Core/Src/main.o
 .comment       0x000000000000007b       0x7c Core/Src/stm32f1xx_hal_msp.o
 .comment       0x000000000000007b       0x7c Core/Src/stm32f1xx_it.o
 .comment       0x000000000000007b       0x7c Core/Src/system_stm32f1xx.o
 .comment       0x000000000000007b       0x7c Core/Src/ws281x.o
 .comment       0x000000000000007b       0x7c Drivers/STM32F1xx_HAL_Driver/Src/stm32f1xx_hal.o
 .comment       0x000000000000007b       0x7c Drivers/STM32F1xx_HAL_Driver/Src/stm32f1xx_hal_cortex.o
 .comment       0x000000000000007b       0x7c Drivers/STM32F1xx_HAL_Driver/Src/stm32f1xx_hal_dma.o
 .comment       0x000000000000007b       0x7c Drivers/STM32F1xx_HAL_Driver/Src/stm32f1xx_hal_flash.o
 .comment       0x000000000000007b       0x7c Drivers/STM32F1xx_HAL_Driver/Src/stm32f1xx_hal_flash_ex.o
 .comment       0x000000000000007b       0x7c Drivers/STM32F1xx_HAL_Driver/Src/stm32f1xx_hal_gpio.o
 .comment       0x000000000000007b       0x7c Drivers/STM32F1xx_HAL_Driver/Src/stm32f1xx_hal_rcc.o
 .comment       0x000000000000007b       0x7c Drivers/STM32F1xx_HAL_Driver/Src/stm32f1xx_hal_tim.o
 .comment       0x000000000000007b       0x7c Drivers/STM32F1xx_HAL_Driver/Src/stm32f1xx_hal_tim_ex.o
 .comment       0x000000000000007b       0x7c Drivers/STM32F1xx_HAL_Driver/Src/stm32f1xx_hal_uart.o

.debug_frame    0x0000000000000000     0x3888
 .debug_frame   0x0000000000000000      0x214 Core/Src/bootloader.o
 .debug_frame   0x0000000000000214      0x100 Core/Src/main.o
 .debug_frame   0x0000000000000314       0xec Core/Src/stm32f1xx_hal_msp.o
 .debug_frame   0x0000000000000400      0x14c Core/Src/stm32f1xx_it.o
 .debug_frame   0x000000000000054c       0x58 Core/Src/system_stm32f1xx.o
 .debug_frame   0x00000000000005a4      0x13c Core/Src/ws281x.o
 .debug_frame   0x00000000000006e0      0x334 Drivers/STM32F1xx_HAL_Driver/Src/stm32f1xx_hal.o
 .debug_frame   0x0000000000000a14      0x428 Drivers/STM32F1xx_HAL_Driver/Src/stm32f1xx_hal_cortex.o
 .debug_frame   0x0000000000000e3c      0x208 Drivers/STM32F1xx_HAL_Driver/Src/stm32f1xx_hal_dma.o
 .debug_frame   0x0000000000001044      0x214 Drivers/STM32F1xx_HAL_Driver/Src/stm32f1xx_hal_flash.o
 .debug_frame   0x0000000000001258      0x258 Drivers/STM32F1xx_HAL_Driver/Src/stm32f1xx_hal_flash_ex.o
 .debug_frame   0x00000000000014b0      0x14c Drivers/STM32F1xx_HAL_Driver/Src/stm32f1xx_hal_gpio.o
 .debug_frame   0x00000000000015fc      0x21c Drivers/STM32F1xx_HAL_Driver/Src/stm32f1xx_hal_rcc.o
 .debug_frame   0x0000000000001818     0x11b8 Drivers/STM32F1xx_HAL_Driver/Src/stm32f1xx_hal_tim.o
 .debug_frame   0x00000000000029d0      0x638 Drivers/STM32F1xx_HAL_Driver/Src/stm32f1xx_hal_tim_ex.o
 .debug_frame   0x0000000000003008      0x834 Drivers/STM32F1xx_HAL_Driver/Src/stm32f1xx_hal_uart.o
 .debug_frame   0x000000000000383c       0x2c c:/st/stm32cubeide_1.5.0/stm32cubeide/plugins/com.st.stm32cube.ide.mcu.externaltools.gnu-tools-for-stm32.7-2018-q2-update.win32_1.5.0.202011040924/tools/bin/../lib/gcc/arm-none-eabi/7.3.1/../../../../arm-none-eabi/lib/thumb/v7-m\libc_nano.a(lib_a-init.o)
 .debug_frame   0x0000000000003868       0x20 c:/st/stm32cubeide_1.5.0/stm32cubeide/plugins/com.st.stm32cube.ide.mcu.externaltools.gnu-tools-for-stm32.7-2018-q2-update.win32_1.5.0.202011040924/tools/bin/../lib/gcc/arm-none-eabi/7.3.1/../../../../arm-none-eabi/lib/thumb/v7-m\libc_nano.a(lib_a-memset.o)
