bootloader.c:102:10:readWord	0	static
bootloader.c:109:6:eraseMemory	32	static
bootloader.c:145:6:unlockFlashAndEraseMemory	40	static
bootloader.c:179:6:lockFlash	8	static
bootloader.c:203:6:deinitEverything	8	static
bootloader.c:192:6:jumpToApp	8	static,ignoring_inline_asm
bootloader.c:223:6:clear_flashmode_flag	32	static
bootloader.c:259:9:string_compare	16	static
bootloader.c:273:6:serial_send	0	static
bootloader.c:66:5:flashWord	32	static
bootloader.c:278:5:write_big_packet_flash	16	static
bootloader.c:310:6:errorJump	0	static
bootloader.c:18:6:bootloaderInit	0	static
bootloader.c:315:5:messageHandler	16	static,ignoring_inline_asm
