core_cm3.h:1762:34:__NVIC_SystemReset	4	static,ignoring_inline_asm
bootloader.c:18:6:bootloaderInit	16	static
bootloader.c:66:5:flashWord	32	static
bootloader.c:97:10:readWord	24	static
bootloader.c:104:6:eraseMemory	40	static
bootloader.c:140:6:unlockFlashAndEraseMemory	40	static
bootloader.c:174:6:lockFlash	8	static
bootloader.c:187:6:jumpToApp	24	static,ignoring_inline_asm
bootloader.c:198:6:deinitEverything	8	static
bootloader.c:218:6:clear_flashmode_flag	32	static
bootloader.c:254:9:string_compare	32	static
bootloader.c:268:6:serial_send	16	static
bootloader.c:273:5:write_big_packet_flash	32	static
bootloader.c:305:6:errorJump	8	static
bootloader.c:311:5:messageHandler	24	static
