core_cm3.h:1762:34:__NVIC_SystemReset	4	static,ignoring_inline_asm
bootloader.c:19:6:bootloaderInit	16	static
bootloader.c:67:5:flashWord	40	static
bootloader.c:98:10:readWord	24	static
bootloader.c:105:6:eraseMemory	40	static
bootloader.c:141:6:unlockFlashAndEraseMemory	40	static
bootloader.c:175:6:lockFlash	8	static
bootloader.c:188:6:jumpToApp	24	static,ignoring_inline_asm
bootloader.c:199:6:deinitEverything	8	static
bootloader.c:219:6:clear_flashmode_flag	32	static
bootloader.c:255:9:string_compare	32	static
bootloader.c:269:6:serial_send	16	static
bootloader.c:274:5:write_big_packet_flash	32	static
bootloader.c:306:6:errorJump	8	static
bootloader.c:320:5:messageHandler	24	static
